version 0.2.0
- Ahora incluye la posibilidad de crear secciones:
una sección puede tener un título, varios párrafos de texto, referencias cruzadas a figuras, multiples figuras.
- Queda pendiente implementar:
    - Referencias cruzadas a tablas.
    - Referencias cruzadas a secciones.
    - Cambios de estilos para cada parte de la sección.


Version 0.3.4
- Se corrigen bugs y se cambian nombres de funciones
- Se pueden insertar tablas en el documento de Word con referencias cruzadas.
Pendiente pruebas de funciones de edicion de tablas


Version 0.3.11
- Se corrigen bugs para que ahora se puedan reemplazar variables en párrafos sin alterar el fomato.

Version 0.3.12
- Se corrige:
- Función reemplazar_texto_en_plantilla; ahora se respeta el formato (ejemplo, negritas o cursivas)

Version 0.3.13
- Se corrige:
- Función reemplazar_texto_en_plantilla; ahora no se borran las referencias cruzaadas al reemplazar textos
- Función reemplazar_referencias_cruzadas_de_figuras, ahora se agrega De la Figura X a la Figura Y cuando hay múltiples figuras.
- Se mejora el documento de ejemplo y sus ejemplos para abarcar más casos de uso.
Pendientes:
- Verificar que no se borren las referencias cruzadas al insertar referencias cruzadas de figuras o tablas.
